# seasonal-tileset.png: 4 season rows x 17 tiles (no water)
tile_spring_grass tile_spring_grass_edge tile_spring_soft_dirt tile_spring_dirt_crack tile_spring_hard_rock tile_spring_stone tile_spring_roots tile_spring_tunnel tile_spring_hole_down tile_spring_hole_up tile_spring_ladder tile_spring_thin_floor tile_spring_exit_closed tile_spring_exit_open tile_spring_puddle tile_spring_frozen_dirt tile_spring_leaves
tile_summer_grass tile_summer_grass_edge tile_summer_soft_dirt tile_summer_dirt_crack tile_summer_hard_rock tile_summer_stone tile_summer_roots tile_summer_tunnel tile_summer_hole_down tile_summer_hole_up tile_summer_ladder tile_summer_thin_floor tile_summer_exit_closed tile_summer_exit_open tile_summer_puddle tile_summer_frozen_dirt tile_summer_leaves
tile_autumn_grass tile_autumn_grass_edge tile_autumn_soft_dirt tile_autumn_dirt_crack tile_autumn_hard_rock tile_autumn_stone tile_autumn_roots tile_autumn_tunnel tile_autumn_hole_down tile_autumn_hole_up tile_autumn_ladder tile_autumn_thin_floor tile_autumn_exit_closed tile_autumn_exit_open tile_autumn_puddle tile_autumn_frozen_dirt tile_autumn_leaves
tile_winter_grass tile_winter_grass_edge tile_winter_soft_dirt tile_winter_dirt_crack tile_winter_hard_rock tile_winter_stone tile_winter_roots tile_winter_tunnel tile_winter_hole_down tile_winter_hole_up tile_winter_ladder tile_winter_thin_floor tile_winter_exit_closed tile_winter_exit_open tile_winter_puddle tile_winter_frozen_dirt tile_winter_leaves
